// Jest Snapshot v1, https://goo.gl/fbAQLP

exports[`rend correctly 1`] = `"Hello world"`;
